<?xml version="1.0" encoding="utf-8"?><testsuites name="pytest tests"><testsuite name="pytest" errors="0" failures="0" skipped="0" tests="18" time="0.822" timestamp="2025-11-13T22:27:58.118386-05:00" hostname="Newt.local"><testcase classname="tests.services.test_payment_service.TestRFPAG001IntegracionCulqi" name="test_inicializacion_servicio_con_credenciales" time="0.001" /><testcase classname="tests.services.test_payment_service.TestRFPAG001IntegracionCulqi" name="test_headers_autorizacion_formato_correcto" time="0.000" /><testcase classname="tests.services.test_payment_service.TestRFPAG001IntegracionCulqi" name="test_url_api_culqi_correcta" time="0.000" /><testcase classname="tests.services.test_payment_service.TestRFPAG002ProcesarPagos" name="test_crear_cargo_exitoso" time="0.006" /><testcase classname="tests.services.test_payment_service.TestRFPAG002ProcesarPagos" name="test_validar_monto_mayor_a_cero" time="0.002" /><testcase classname="tests.services.test_payment_service.TestRFPAG002ProcesarPagos" name="test_manejar_error_tarjeta_declinada" time="0.002" /><testcase classname="tests.services.test_payment_service.TestRFPAG003ListarPagos" name="test_listar_todos_los_cargos_sin_filtros" time="0.017" /><testcase classname="tests.services.test_payment_service.TestRFPAG003ListarPagos" name="test_listar_cargos_multiples_transacciones" time="0.002" /><testcase classname="tests.services.test_payment_service.TestRFPAG003ListarPagos" name="test_verificar_estructura_respuesta_correcta" time="0.001" /><testcase classname="tests.services.test_payment_service.TestRFPAG003ListarPagos" name="test_manejar_respuesta_vacia_sin_cargos" time="0.001" /><testcase classname="tests.services.test_payment_service.TestRFPAG004ObtenerDetalleCargo" name="test_obtener_detalle_cargo_por_id" time="0.001" /><testcase classname="tests.services.test_payment_service.TestRFPAG004ObtenerDetalleCargo" name="test_detalle_contiene_campos_requeridos" time="0.001" /><testcase classname="tests.services.test_payment_service.TestRFPAG004ObtenerDetalleCargo" name="test_manejar_error_cargo_no_existe" time="0.002" /><testcase classname="tests.services.test_payment_service.TestRFPAG004ObtenerDetalleCargo" name="test_verificar_reference_code_presente" time="0.001" /><testcase classname="tests.services.test_payment_service.TestRFPAG005PaginacionListado" name="test_limitar_numero_resultados" time="0.001" /><testcase classname="tests.services.test_payment_service.TestRFPAG005PaginacionListado" name="test_paginar_hacia_adelante_con_after" time="0.001" /><testcase classname="tests.services.test_payment_service.TestRFPAG005PaginacionListado" name="test_paginar_hacia_atras_con_before" time="0.002" /><testcase classname="tests.services.test_payment_service.TestRFPAG005PaginacionListado" name="test_combinar_limit_con_paginacion" time="0.001" /></testsuite></testsuites>